---
source: tests/combined_tests.rs
expression: output
---
web [Stopped]         worker [Stopped]                                                                                  
────────────────────────────────────────────────────────────────────────────────────────────────────────────────────────
[Search: job] 2 matches                                                                                                 
[12:00:00] worker: Processing job #1234                                                                                 
[12:00:00] worker: Job #1234 completed                                                                                  
                                                                                                                        
                                                                                                                        
                                                                                                                        
                                                                                                                        
                                                                                                                        
                                                                                                                        
                                                                                                                        
                                                                                                                        
                                                                                                                        
                                                                                                                        
                                                                                                                        
                                                                                                                        
                                                                                                                        
                                                                                                                        
                                                                                                                        
                                                                                                                        
                                                                                                                        
                                                                                                                        
                                                                                                                        
                                                                                                                        
                                                                                                                        
                                                                                                                        
                                                                                                                        
                                                                                                                        
                                                                                                                        
                                                                                                                        
                                                                                                                        
                                                                                                                        
                                                                                                                        
                                                                                                                        
                                                                                                                        
                                                                                                                        
                                                                                                                        
Buffer: 0.0/50 MB (0%) | 6 lines   | Batch 1/1, 2 lines [BATCH]                                                         
Press : for commands, / to search, q to quit
