---
source: tests/display_mode_tests.rs
expression: output
---
web    ● │ worker ●                                                                                                     
────────────────────────────────────────────────────────────────────────────────────────────────────────────────────────
                                                                                                                        
[12:00:00] web: Short log message                                                                                       
[12:00:00] web: This is a much longer log message that will definitely exceed the terminal width and need to be either  
truncated or wrapped depending on the display mode setting                                                              
[12:00:00] worker: Processing job #1234                                                                                 
[12:00:00] worker: ERROR: Failed to connect to database at host=db.example.com port=5432 user=app_user                  
database=production reason=connection_refused after_attempts=3 retry_delay_ms=1000                                      
[12:00:00] web: GET /api/users HTTP/1.1 200 OK response_time=45ms user_agent=Mozilla/5.0                                
referer=https://example.com/dashboard                                                                                   
                                                                                                                        
                                                                                                                        
                                                                                                                        
                                                                                                                        
                                                                                                                        
                                                                                                                        
                                                                                                                        
                                                                                                                        
                                                                                                                        
                                                                                                                        
                                                                                                                        
                                                                                                                        
                                                                                                                        
                                                                                                                        
                                                                                                                        
                                                                                                                        
                                                                                                                        
                                                                                                                        
                                                                                                                        
                                                                                                                        
                                                                                                                        
                                                                                                                        
                                                                                                                        
                                                                                                                        
                                                                                                                        
                                                                                                                        
                                                                                                                        
Buffer: 0.0/50 MB (0%) | 5 lines   | 1 batches [TAIL]                                                                   
Press : for commands, / to search, q to quit
