---
source: tests/ui_tests.rs
expression: output
---
web [Stopped] | worker [Stopped]                                                                                        
────────────────────────────────────────────────────────────────────────────────────────────────────────────────────────
(1 filters) [Search: Database] 1 matches                                                                                
[12:00:00] web: ERROR: Database connection failed                                                                       
                                                                                                                        
                                                                                                                        
                                                                                                                        
                                                                                                                        
                                                                                                                        
                                                                                                                        
                                                                                                                        
                                                                                                                        
                                                                                                                        
                                                                                                                        
                                                                                                                        
                                                                                                                        
                                                                                                                        
                                                                                                                        
                                                                                                                        
                                                                                                                        
                                                                                                                        
                                                                                                                        
                                                                                                                        
                                                                                                                        
                                                                                                                        
                                                                                                                        
                                                                                                                        
                                                                                                                        
                                                                                                                        
                                                                                                                        
                                                                                                                        
                                                                                                                        
                                                                                                                        
                                                                                                                        
                                                                                                                        
                                                                                                                        
                                                                                                                        
                                                                                                                        
Buffer: 0.0/50 MB (0%) | 8 lines   | 1 batches [TAIL]                                                                   
Press : for commands, / to search, q to quit
