---
source: tests/ui_tests.rs
assertion_line: 647
expression: output
---
┌ Processes ───────────────────────────────────────────────────────────────────────────────────────────────────────────┐
│web [Stopped] | worker [Stopped]                                                                                      │
│                                                                                                                      │
└──────────────────────────────────────────────────────────────────────────────────────────────────────────────────────┘
┌ Logs  (1 batches) (1 filters)  [0%] ─────────────────────────────────────────────────────────────────────────────────┐
│[12:00:00] web: ERROR: Database connection failed                                                                     │
│[12:00:00] worker: ERROR: Failed to process job #5678                                                                 │
│                                                                                                                      │
│                                                                                                                      │
│                                                                                                                      │
│                                                                                                                      │
│                                                                                                                      │
│                                                                                                                      │
│                                                                                                                      │
│                                                                                                                      │
│                                                                                                                      │
│                                                                                                                      │
│                                                                                                                      │
│                                                                                                                      │
│                                                                                                                      │
│                                                                                                                      │
│                                                                                                                      │
│                                                                                                                      │
│                                                                                                                      │
│                                                                                                                      │
│                                                                                                                      │
│                                                                                                                      │
│                                                                                                                      │
│                                                                                                                      │
│                                                                                                                      │
│                                                                                                                      │
│                                                                                                                      │
│                                                                                                                      │
│                                                                                                                      │
│                                                                                                                      │
│                                                                                                                      │
└──────────────────────────────────────────────────────────────────────────────────────────────────────────────────────┘
┌──────────────────────────────────────────────────────────────────────────────────────────────────────────────────────┐
│Press : for commands, / to search, q to quit                                                                          │
└──────────────────────────────────────────────────────────────────────────────────────────────────────────────────────┘
