---
source: tests/ui_tests.rs
assertion_line: 593
expression: output
---
┌ Processes ───────────────────────────────────────────────────────────────────────────────────────────────────────────┐
│web [Stopped] | worker [Stopped]                                                                                      │
│                                                                                                                      │
└──────────────────────────────────────────────────────────────────────────────────────────────────────────────────────┘
┌ Logs  (1 batches)────────────────────────────────────────────────────────────────────────────────────────────────────┐
│[12:00:00] web: Starting web server on port 3000                                                                      │
│[12:00:00] web: GET /api/users 200 OK                                                                                 │
│[12:00:00] worker: Processing job #1234                                                                               │
│[12:00:00] web: ERROR: Database connection failed                                                                     │
│[12:00:00] worker: Job #1234 completed successfully                                                                   │
│[12:00:00] web: POST /api/auth 201 Created                                                                            │
│[12:00:00] worker: ERROR: Failed to process job #5678                                                                 │
│[12:00:00] web: Server ready to accept connections                                                                    │
│                                                                                                                      │
│                                                                                                                      │
│                                                                                                                      │
│                                                                                                                      │
│                                                                                                                      │
│                                                                                                                      │
│                                                                                                                      │
│                                                                                                                      │
│                                                                                                                      │
│                                                                                                                      │
│                                                                                                                      │
│                                                                                                                      │
│                                                                                                                      │
│                                                                                                                      │
│                                                                                                                      │
│                                                                                                                      │
│                                                                                                                      │
│                                                                                                                      │
│                                                                                                                      │
│                                                                                                                      │
│                                                                                                                      │
│                                                                                                                      │
│                                                                                                                      │
└──────────────────────────────────────────────────────────────────────────────────────────────────────────────────────┘
┌──────────────────────────────────────────────────────────────────────────────────────────────────────────────────────┐
│Press : for commands, / to search, q to quit                                                                          │
└──────────────────────────────────────────────────────────────────────────────────────────────────────────────────────┘
