---
source: tests/ui_tests.rs
expression: output
---
┌ Processes ───────────────────────────────────────────────────────────────────────────────────────────────────────────┐
│web [Stopped]                                                                                                         │
│                                                                                                                      │
└──────────────────────────────────────────────────────────────────────────────────────────────────────────────────────┘
┌ Logs  Buffer: 0.0/50 MB (0%) | 3 lines (1 batches)───────────────────────────────────────────────────────────────────┐
│[12:00:00] web: Log message 1                                                                                         │
│[12:00:00] web: Log message 2                                                                                         │
│[12:00:00] web: Log message 3                                                                                         │
│                                                                                                                      │
│                                                                                                                      │
│                                                                                                                      │
│                                                                                                                      │
│                                                                                                                      │
│                                                                                                                      │
│                                                                                                                      │
│                                                                                                                      │
│                                                                                                                      │
│                                                                                                                      │
│                                                                                                                      │
│                                                                                                                      │
│                                                                                                                      │
│                                                                                                                      │
│                                                                                                                      │
│                                                                                                                      │
│                                                                                                                      │
│                                                                                                                      │
│                                                                                                                      │
│                                                                                                                      │
│                                                                                                                      │
│                                                                                                                      │
│                                                                                                                      │
│                                                                                                                      │
│                                                                                                                      │
│                                                                                                                      │
│                                                                                                                      │
│                                                                                                                      │
└──────────────────────────────────────────────────────────────────────────────────────────────────────────────────────┘
┌──────────────────────────────────────────────────────────────────────────────────────────────────────────────────────┐
│Press : for commands, / to search, q to quit                                                                          │
└──────────────────────────────────────────────────────────────────────────────────────────────────────────────────────┘
