---
source: tests/ui_tests.rs
expression: output
---
 Processes                                                                                                              
web [Stopped] | worker [Stopped]                                                                                        
────────────────────────────────────────────────────────────────────────────────────────────────────────────────────────
 Logs  Buffer: 0.0/50 MB (0%) | 6 lines (1 batches)                                                                     
[12:00:00] web: Starting web server on port 3000                                                                        
[12:00:00] web: Loading configuration                                                                                   
[12:00:00] web: Database connected                                                                                      
[12:00:00] worker: Processing job #1234                                                                                 
[12:00:00] worker: Job #1234 completed                                                                                  
[12:00:01] web: GET /api/users 200 OK                                                                                   
                                                                                                                        
                                                                                                                        
                                                                                                                        
                                                                                                                        
                                                                                                                        
                                                                                                                        
                                                                                                                        
                                                                                                                        
                                                                                                                        
                                                                                                                        
                                                                                                                        
                                                                                                                        
                                                                                                                        
                                                                                                                        
                                                                                                                        
                                                                                                                        
                                                                                                                        
                                                                                                                        
                                                                                                                        
                                                                                                                        
                                                                                                                        
                                                                                                                        
                                                                                                                        
                                                                                                                        
                                                                                                                        
                                                                                                                        
                                                                                                                        
┌──────────────────────────────────────────────────────────────────────────────────────────────────────────────────────┐
│Press : for commands, / to search, q to quit                                                                          │
└──────────────────────────────────────────────────────────────────────────────────────────────────────────────────────┘
